[2026-06-15 00:22:31] WARNING: PHP warning/notice {"severity":2,"message":"Cannot modify header information - headers already sent by (output started at C:\\xampp\\htdocs\\Red_Ghost\\app\\views\\payment.php:15)","file":"C:\\xampp\\htdocs\\Red_Ghost\\app\\core\\api\\Cart.php","line":7,"uri":"/api/Cart.php?action=list"}
[2026-06-15 00:22:31] WARNING: PHP warning/notice {"severity":2,"message":"Cannot modify header information - headers already sent by (output started at C:\\xampp\\htdocs\\Red_Ghost\\app\\views\\payment.php:15)","file":"C:\\xampp\\htdocs\\Red_Ghost\\app\\core\\api\\Cart.php","line":7,"uri":"/api/Cart.php?action=summary"}
[2026-06-15 00:22:31] WARNING: PHP warning/notice {"severity":2,"message":"Cannot modify header information - headers already sent by (output started at C:\\xampp\\htdocs\\Red_Ghost\\app\\views\\payment.php:15)","file":"C:\\xampp\\htdocs\\Red_Ghost\\app\\core\\api\\Cart.php","line":7,"uri":"/api/Cart.php?action=summary"}
[2026-06-15 00:22:31] WARNING: PHP warning/notice {"severity":2,"message":"Cannot modify header information - headers already sent by (output started at C:\\xampp\\htdocs\\Red_Ghost\\app\\views\\payment.php:15)","file":"C:\\xampp\\htdocs\\Red_Ghost\\app\\core\\api\\Cart.php","line":7,"uri":"/api/Cart.php?action=list"}
[2026-06-15 00:22:31] WARNING: PHP warning/notice {"severity":2,"message":"Cannot modify header information - headers already sent by (output started at C:\\xampp\\htdocs\\Red_Ghost\\app\\views\\payment.php:15)","file":"C:\\xampp\\htdocs\\Red_Ghost\\app\\core\\api\\Cart.php","line":7,"uri":"/api/Cart.php?action=list"}
[2026-06-15 00:23:13] WARNING: PHP warning/notice {"severity":2,"message":"Cannot modify header information - headers already sent by (output started at C:\\xampp\\htdocs\\Red_Ghost\\app\\views\\payment.php:15)","file":"C:\\xampp\\htdocs\\Red_Ghost\\app\\core\\api\\Cart.php","line":7,"uri":"/api/Cart.php?action=summary"}
[2026-06-15 00:23:13] WARNING: PHP warning/notice {"severity":2,"message":"Cannot modify header information - headers already sent by (output started at C:\\xampp\\htdocs\\Red_Ghost\\app\\views\\payment.php:15)","file":"C:\\xampp\\htdocs\\Red_Ghost\\app\\core\\api\\Cart.php","line":7,"uri":"/api/Cart.php?action=list"}
[2026-06-15 00:23:14] WARNING: PHP warning/notice {"severity":2,"message":"Cannot modify header information - headers already sent by (output started at C:\\xampp\\htdocs\\Red_Ghost\\app\\views\\payment.php:15)","file":"C:\\xampp\\htdocs\\Red_Ghost\\app\\core\\api\\Cart.php","line":7,"uri":"/api/Cart.php?action=list"}
[2026-06-15 00:23:27] WARNING: PHP warning/notice {"severity":2,"message":"Cannot modify header information - headers already sent by (output started at C:\\xampp\\htdocs\\Red_Ghost\\app\\views\\payment.php:15)","file":"C:\\xampp\\htdocs\\Red_Ghost\\app\\core\\api\\Cart.php","line":7,"uri":"/api/Cart.php?action=list"}
[2026-06-15 00:23:29] WARNING: PHP warning/notice {"severity":2,"message":"Cannot modify header information - headers already sent by (output started at C:\\xampp\\htdocs\\Red_Ghost\\app\\views\\payment.php:15)","file":"C:\\xampp\\htdocs\\Red_Ghost\\app\\core\\api\\Cart.php","line":7,"uri":"/api/Cart.php?action=list"}
[2026-06-15 00:23:30] WARNING: PHP warning/notice {"severity":2,"message":"Cannot modify header information - headers already sent by (output started at C:\\xampp\\htdocs\\Red_Ghost\\app\\views\\payment.php:15)","file":"C:\\xampp\\htdocs\\Red_Ghost\\app\\core\\api\\Cart.php","line":7,"uri":"/api/Cart.php?action=list"}
[2026-06-15 00:23:48] WARNING: PHP warning/notice {"severity":2,"message":"Cannot modify header information - headers already sent by (output started at C:\\xampp\\htdocs\\Red_Ghost\\app\\views\\payment.php:15)","file":"C:\\xampp\\htdocs\\Red_Ghost\\app\\core\\api\\Cart.php","line":7,"uri":"/api/Cart.php?action=list"}
[2026-06-15 00:31:07] WARNING: PHP warning/notice {"severity":2,"message":"Undefined array key \"discountFlash\"","file":"C:\\xampp\\htdocs\\Red_Ghost\\app\\views\\shopcart.php","line":20,"uri":"/shopcart"}
[2026-06-15 01:03:03] WARNING: PHP warning/notice {"severity":2,"message":"Undefined array key \"discountFlash\"","file":"C:\\xampp\\htdocs\\Red_Ghost\\app\\views\\shopcart.php","line":20,"uri":"/shopcart"}
[2026-06-15 01:03:08] WARNING: PHP warning/notice {"severity":2,"message":"Undefined array key \"discountFlash\"","file":"C:\\xampp\\htdocs\\Red_Ghost\\app\\views\\shopcart.php","line":20,"uri":"/shopcart"}
[2026-06-15 01:03:08] WARNING: PHP warning/notice {"severity":2,"message":"Undefined array key \"discountFlash\"","file":"C:\\xampp\\htdocs\\Red_Ghost\\app\\views\\shopcart.php","line":20,"uri":"/shopcart"}
[2026-06-15 01:08:51] WARNING: PHP warning/notice {"severity":2,"message":"Undefined array key \"discountFlash\"","file":"C:\\xampp\\htdocs\\Red_Ghost\\app\\views\\shopcart.php","line":20,"uri":"/shopcart"}
[2026-06-15 01:08:53] WARNING: PHP warning/notice {"severity":2,"message":"require_once(C:\\xampp\\htdocs\\Red_Ghost\\app\\views/bootstrap.php): Failed to open stream: No such file or directory","file":"C:\\xampp\\htdocs\\Red_Ghost\\app\\views\\payment.php","line":2,"uri":"/payment"}
[2026-06-15 01:08:53] ERROR: Uncaught exception {"type":"Error","message":"Failed opening required 'C:\\xampp\\htdocs\\Red_Ghost\\app\\views/bootstrap.php' (include_path='C:\\xampp\\php\\PEAR')","file":"C:\\xampp\\htdocs\\Red_Ghost\\app\\views\\payment.php","line":2,"uri":"/payment"}
[2026-06-15 02:49:32] WARNING: PHP warning/notice {"severity":2,"message":"Undefined array key \"discountFlash\"","file":"C:\\xampp\\htdocs\\Red_Ghost\\app\\views\\shopcart.php","line":20,"uri":"/shopcart"}
[2026-06-15 02:49:37] WARNING: PHP warning/notice {"severity":2,"message":"Undefined array key \"discountFlash\"","file":"C:\\xampp\\htdocs\\Red_Ghost\\app\\views\\shopcart.php","line":20,"uri":"/shopcart"}
[2026-06-15 02:51:55] WARNING: PHP warning/notice {"severity":2,"message":"Undefined array key \"discountFlash\"","file":"C:\\xampp\\htdocs\\Red_Ghost\\app\\views\\shopcart.php","line":20,"uri":"/shopcart"}
[2026-06-15 02:51:56] WARNING: PHP warning/notice {"severity":2,"message":"Undefined array key \"discountFlash\"","file":"C:\\xampp\\htdocs\\Red_Ghost\\app\\views\\shopcart.php","line":20,"uri":"/shopcart"}
[2026-06-15 02:51:57] WARNING: PHP warning/notice {"severity":2,"message":"Undefined array key \"discountFlash\"","file":"C:\\xampp\\htdocs\\Red_Ghost\\app\\views\\shopcart.php","line":20,"uri":"/shopcart"}
[2026-06-15 02:52:00] WARNING: PHP warning/notice {"severity":2,"message":"Undefined array key \"discountFlash\"","file":"C:\\xampp\\htdocs\\Red_Ghost\\app\\views\\shopcart.php","line":20,"uri":"/shopcart"}
[2026-06-15 02:53:26] WARNING: PHP warning/notice {"severity":2,"message":"Undefined array key \"discountFlash\"","file":"C:\\xampp\\htdocs\\Red_Ghost\\app\\views\\shopcart.php","line":20,"uri":"/shopcart"}
[2026-06-15 02:54:13] WARNING: PHP warning/notice {"severity":2,"message":"Undefined array key \"discountFlash\"","file":"C:\\xampp\\htdocs\\Red_Ghost\\app\\views\\shopcart.php","line":20,"uri":"/shopcart"}
[2026-06-15 02:54:37] WARNING: PHP warning/notice {"severity":2,"message":"Undefined array key \"discountFlash\"","file":"C:\\xampp\\htdocs\\Red_Ghost\\app\\views\\shopcart.php","line":20,"uri":"/shopcart"}
[2026-06-15 02:58:00] WARNING: PHP warning/notice {"severity":2,"message":"Undefined array key \"discountFlash\"","file":"C:\\xampp\\htdocs\\Red_Ghost\\app\\views\\shopcart.php","line":20,"uri":"/shopcart"}
[2026-06-15 03:01:20] WARNING: PHP warning/notice {"severity":2,"message":"Undefined array key \"discountFlash\"","file":"C:\\xampp\\htdocs\\Red_Ghost\\app\\views\\shopcart.php","line":20,"uri":"/shopcart"}
[2026-06-15 03:01:56] WARNING: PHP warning/notice {"severity":2,"message":"Undefined array key \"discountFlash\"","file":"C:\\xampp\\htdocs\\Red_Ghost\\app\\views\\shopcart.php","line":20,"uri":"/shopcart"}
[2026-06-15 03:01:57] WARNING: PHP warning/notice {"severity":2,"message":"Undefined array key \"discountFlash\"","file":"C:\\xampp\\htdocs\\Red_Ghost\\app\\views\\shopcart.php","line":20,"uri":"/shopcart"}
[2026-06-15 03:01:58] WARNING: PHP warning/notice {"severity":2,"message":"Undefined array key \"discountFlash\"","file":"C:\\xampp\\htdocs\\Red_Ghost\\app\\views\\shopcart.php","line":20,"uri":"/shopcart"}
[2026-06-15 03:01:58] WARNING: PHP warning/notice {"severity":2,"message":"Undefined array key \"discountFlash\"","file":"C:\\xampp\\htdocs\\Red_Ghost\\app\\views\\shopcart.php","line":20,"uri":"/shopcart"}
[2026-06-15 03:02:00] WARNING: PHP warning/notice {"severity":2,"message":"Undefined array key \"discountFlash\"","file":"C:\\xampp\\htdocs\\Red_Ghost\\app\\views\\shopcart.php","line":20,"uri":"/shopcart"}
[2026-06-15 03:02:00] WARNING: PHP warning/notice {"severity":2,"message":"Undefined array key \"discountFlash\"","file":"C:\\xampp\\htdocs\\Red_Ghost\\app\\views\\shopcart.php","line":20,"uri":"/shopcart"}
[2026-06-15 03:02:01] WARNING: PHP warning/notice {"severity":2,"message":"Undefined array key \"discountFlash\"","file":"C:\\xampp\\htdocs\\Red_Ghost\\app\\views\\shopcart.php","line":20,"uri":"/shopcart"}
[2026-06-15 03:02:01] WARNING: PHP warning/notice {"severity":2,"message":"Undefined array key \"discountFlash\"","file":"C:\\xampp\\htdocs\\Red_Ghost\\app\\views\\shopcart.php","line":20,"uri":"/shopcart"}
[2026-06-15 03:02:01] WARNING: PHP warning/notice {"severity":2,"message":"Undefined array key \"discountFlash\"","file":"C:\\xampp\\htdocs\\Red_Ghost\\app\\views\\shopcart.php","line":20,"uri":"/shopcart"}
[2026-06-15 03:02:01] WARNING: PHP warning/notice {"severity":2,"message":"Undefined array key \"discountFlash\"","file":"C:\\xampp\\htdocs\\Red_Ghost\\app\\views\\shopcart.php","line":20,"uri":"/shopcart"}
[2026-06-15 03:02:01] WARNING: PHP warning/notice {"severity":2,"message":"Undefined array key \"discountFlash\"","file":"C:\\xampp\\htdocs\\Red_Ghost\\app\\views\\shopcart.php","line":20,"uri":"/shopcart"}
[2026-06-15 03:02:02] WARNING: PHP warning/notice {"severity":2,"message":"Undefined array key \"discountFlash\"","file":"C:\\xampp\\htdocs\\Red_Ghost\\app\\views\\shopcart.php","line":20,"uri":"/shopcart"}
[2026-06-15 03:02:02] WARNING: PHP warning/notice {"severity":2,"message":"Undefined array key \"discountFlash\"","file":"C:\\xampp\\htdocs\\Red_Ghost\\app\\views\\shopcart.php","line":20,"uri":"/shopcart"}
[2026-06-15 03:02:03] WARNING: PHP warning/notice {"severity":2,"message":"Undefined array key \"discountFlash\"","file":"C:\\xampp\\htdocs\\Red_Ghost\\app\\views\\shopcart.php","line":20,"uri":"/shopcart"}
[2026-06-15 03:02:03] WARNING: PHP warning/notice {"severity":2,"message":"Undefined array key \"discountFlash\"","file":"C:\\xampp\\htdocs\\Red_Ghost\\app\\views\\shopcart.php","line":20,"uri":"/shopcart"}
[2026-06-15 03:02:03] WARNING: PHP warning/notice {"severity":2,"message":"Undefined array key \"discountFlash\"","file":"C:\\xampp\\htdocs\\Red_Ghost\\app\\views\\shopcart.php","line":20,"uri":"/shopcart"}
[2026-06-15 03:02:04] WARNING: PHP warning/notice {"severity":2,"message":"Undefined array key \"discountFlash\"","file":"C:\\xampp\\htdocs\\Red_Ghost\\app\\views\\shopcart.php","line":20,"uri":"/shopcart"}
[2026-06-15 03:02:04] WARNING: PHP warning/notice {"severity":2,"message":"Undefined array key \"discountFlash\"","file":"C:\\xampp\\htdocs\\Red_Ghost\\app\\views\\shopcart.php","line":20,"uri":"/shopcart"}
[2026-06-15 03:02:04] WARNING: PHP warning/notice {"severity":2,"message":"Undefined array key \"discountFlash\"","file":"C:\\xampp\\htdocs\\Red_Ghost\\app\\views\\shopcart.php","line":20,"uri":"/shopcart"}
[2026-06-15 03:02:04] WARNING: PHP warning/notice {"severity":2,"message":"Undefined array key \"discountFlash\"","file":"C:\\xampp\\htdocs\\Red_Ghost\\app\\views\\shopcart.php","line":20,"uri":"/shopcart"}
[2026-06-15 03:02:04] WARNING: PHP warning/notice {"severity":2,"message":"Undefined array key \"discountFlash\"","file":"C:\\xampp\\htdocs\\Red_Ghost\\app\\views\\shopcart.php","line":20,"uri":"/shopcart"}
[2026-06-15 03:02:04] WARNING: PHP warning/notice {"severity":2,"message":"Undefined array key \"discountFlash\"","file":"C:\\xampp\\htdocs\\Red_Ghost\\app\\views\\shopcart.php","line":20,"uri":"/shopcart"}
[2026-06-15 03:02:05] WARNING: PHP warning/notice {"severity":2,"message":"Undefined array key \"discountFlash\"","file":"C:\\xampp\\htdocs\\Red_Ghost\\app\\views\\shopcart.php","line":20,"uri":"/shopcart"}
